native rewrite: student_decision_tree
native rewrite: student_knn
native rewrite: student_logistic_regression
native rewrite: student_random_forest
native rewrite: student_small_mlp
native rewrite: teacher_aggressive_speed
native rewrite: teacher_balanced_score
native rewrite: teacher_bandit_ucb_proxy
native rewrite: teacher_benefit_cost_ratio
native rewrite: teacher_constant_argument
native rewrite: teacher_cost_budget
native rewrite: teacher_growth_budget
native rewrite: teacher_hot_leaf
native rewrite: teacher_llvm_like_size
native rewrite: teacher_loop_averse
native rewrite: teacher_ml_linear_score
native rewrite: teacher_never_inline
native rewrite: teacher_rl_value_proxy
native rewrite: teacher_single_caller
native rewrite: teacher_small_callee
